// Jest Snapshot v1, https://goo.gl/fbAQLP

exports[`ListItemComponent should match snapshot 1`] = `
<app-list-item
  __ngContext__={[Function LRootView]}
  srmToColor={[Function Function]}
>
</app-list-item>
`;
