// Jest Snapshot v1, https://goo.gl/fbAQLP

exports[`LoginComponent should match snapshot 1`] = `
<app-login
  __ngContext__={[Function LRootView]}
  authService={[Function AuthService]}
  error="false"
  loading="false"
  router={[Function Router]}
>
  <div
    class="container"
  >
    <div
      class="row"
    >
      <div
        class="col-md-4 mx-auto"
      >
        <h1
          class="text-muted"
        >
          Login
        </h1>
        <div
          class="card"
        >
          <div
            class="card-body"
          >
            <form>
              <div
                class="mb-3"
              >
                <label
                  class="form-label"
                  for="email"
                >
                  Email
                </label>
                <input
                  class="form-control"
                  placeholder="admin@example.com"
                  type="email"
                />
              </div>
              <div
                class="mb-3"
              >
                <label
                  class="form-label"
                  for="password"
                >
                  Password
                </label>
                <input
                  class="form-control"
                  placeholder="admin"
                  type="password"
                />
                <div
                  class="invalid-feedback"
                >
                  Invalid email or password
                </div>
              </div>
              <div
                class="text-end"
              >
                <button
                  class="btn btn-primary"
                >
                   Login 
                </button>
              </div>
            </form>
          </div>
        </div>
      </div>
    </div>
  </div>
</app-login>
`;
